// Jest Snapshot v1, https://goo.gl/fbAQLP

exports[`App Component snapshot renders 1`] = `"<App/>"`;

exports[`renders learn react link 1`] = `
<h1>
  App Component!!
</h1>
`;
